二二二二三三三三五五五五五五五五五五五五高高高高蔑蔑淼龜龜蠹蔑高高高五五五三三三三三三三三三三三三三三三三三三三二二二
二二二二三三三五五五五五五五五五五五高高高高高蔑蔑淼龍臺丁畫淼蔑高高高五五五五三三三三三三三三三三三三三三三三三二二二
二二二三三五五五五五五五五五五五五高高高高高蔑蔑淼龜丁丁丁丁龜蔑蔑蔑高高五五五五三三三三三三三三三三三三三三三三三二二
二二二三五五五五五五五五五五五高高高高高蔑淼淼淼龍龜丁丁丁丁龜龍淼蔑蔑蔑高五五五五三三三三三三三三三三三三三三三三二二
二二三五五五五五五五五五五五高高高高蔑蔑龍丁蠹龜丁丁丁丁丁丁丁蠹臺龍龍丁蔑高五五五五三三三三三三三三三三三三三三三三二
二二三五五五五五五五五五高高高蔑蔑蔑蔑淼畫丁丁丁丁丁丁丁丁丁丁丁丁丁丁丁淼高五五五五五三三三三三三三三三三三三三三三二
二三五五五五五五五五高高蔑蔑蔑蔑蔑淼淼龍丁丁丁丁丁丁丁丁丁丁丁丁丁丁丁龜淼蔑高五五五五三三三三三三三三三三三三三三三三
二三五五五五五高高高淼臺淼淼淼淼龍龍龍臺丁丁丁丁丁丁丁丁丁丁丁丁丁丁丁臺畫蔑高五五五五五三三三三三三三三三三三三三三三
二五五五高高高高蔑蔑淼丁蠹龜丁臺龜畫龜丁丁丁丁丁丁丁丁丁丁丁丁丁丁丁丁丁丁蔑高五五五五五三三三三三三三三三三三三三三三
二五高高高高高蔑蔑淼龍龜丁丁丁丁丁丁龘丁丁丁丁丁丁丁丁丁丁丁丁丁丁丁丁丁丁蔑高高五五五五三三三三三三三三三三三三三三三
二高高高高蔑蔑蔑淼畫龜丁丁丁丁丁丁丁丁丁丁丁丁丁丁丁丁丁丁丁丁丁丁丁丁丁龍蔑高高五五五五五三三三三三三三三三三三三三三
二高高高淼淼淼龍畫丁丁丁丁丁丁丁丁丁丁丁丁丁丁丁丁丁丁丁丁丁丁丁丁丁丁龘淼蔑高高五五五五五三三三三三三三三三三三三三三
丁丁丁丁丁丁丁丁丁丁丁丁丁丁丁丁丁丁丁丁丁丁丁丁丁丁丁丁丁丁丁丁丁丁龘龍淼蔑高高五五五五五三三三三三三三三三三三三三三
二高高高淼淼淼龍畫丁丁丁丁丁丁丁丁丁丁丁丁丁丁丁丁丁丁丁丁丁丁丁丁丁丁龘淼蔑高高五五五五五三三三三三三三三三三三三三三
二高高高高蔑蔑蔑淼畫龜丁丁丁丁丁丁丁丁丁丁丁丁丁丁丁丁丁丁丁丁丁丁丁丁丁龍蔑高高五五五五五三三三三三三三三三三三三三三
二五高高高高高蔑蔑淼龍龜丁丁丁丁丁丁龘丁丁丁丁丁丁丁丁丁丁丁丁丁丁丁丁丁丁蔑高高五五五五三三三三三三三三三三三三三三三
二五五五高高高高蔑蔑淼丁蠹龜丁臺龜畫龜丁丁丁丁丁丁丁丁丁丁丁丁丁丁丁丁丁丁蔑高五五五五五三三三三三三三三三三三三三三三
二三五五五五五高高高淼臺淼淼淼淼龍龍龍臺丁丁丁丁丁丁丁丁丁丁丁丁丁丁丁臺畫蔑高五五五五五三三三三三三三三三三三三三三三
二三五五五五五五五五高高蔑蔑蔑蔑蔑淼淼龍丁丁丁丁丁丁丁丁丁丁丁丁丁丁丁龜淼蔑高五五五五三三三三三三三三三三三三三三三三
二二三五五五五五五五五五高高高蔑蔑蔑蔑淼畫丁丁丁丁丁丁丁丁丁丁丁丁丁丁丁淼高五五五五五三三三三三三三三三三三三三三三二
二二三五五五五五五五五五五五高高高高蔑蔑龍丁蠹龜丁丁丁丁丁丁丁蠹臺龍龍丁蔑高五五五五三三三三三三三三三三三三三三三三二
二二二三五五五五五五五五五五五高高高高高蔑淼淼淼龍龜丁丁丁丁龜龍淼蔑蔑蔑高五五五五三三三三三三三三三三三三三三三三二二
二二二三三五五五五五五五五五五五五高高高高高蔑蔑淼龜丁丁丁丁龜蔑蔑蔑高高五五五五三三三三三三三三三三三三三三三三三二二
二二二二三三三五五五五五五五五五五五高高高高高蔑蔑淼龍臺丁畫淼蔑高高高五五五五三三三三三三三三三三三三三三三三三二二二
